// Jest Snapshot v1, https://goo.gl/fbAQLP

exports[`<User> renders User 1`] = `
<p
  className="clickMe"
  onClick={[Function]}
>
  , 
</p>
`;
